// Jest Snapshot v1, https://goo.gl/fbAQLP

exports[`Проверка снепшота компонента MovieList 1`] = `
<div
  className="catalog__movies-list"
>
  <article
    className="small-movie-card catalog__movies-card"
    onMouseEnter={[Function]}
    onMouseLeave={[Function]}
  >
    <div
      className="small-movie-card__image"
    >
      <video
        className="player__video"
        poster="fantastic-beasts-the-crimes-of-grindelwald.jpg"
      />
    </div>
    <h3
      className="small-movie-card__title"
    >
      <a
        className="small-movie-card__link"
        href="movie-page.html"
      >
        Title
      </a>
    </h3>
  </article>
</div>
`;
